// Jest Snapshot v1, https://goo.gl/fbAQLP

exports[`create App snapshot create snapshot 1`] = `
<div
  className="App"
>
  <div
    className="Subscription"
  >
    <h4>
      Subscription Parameters
    </h4>
    <form
      className="SubscriptionForm"
    >
      <div
        className="SubscriptionFormGroup"
      >
        <label
          className="SubscriptionFormGroup__label"
          htmlFor="duration"
        >
          Duration:
        </label>
        <br />
      </div>
      <div
        className="SubscriptionFormGroup"
      >
        <label
          className="SubscriptionFormGroup__label"
          htmlFor="storage"
        >
          Amount of gigabytes in a cloud:
        </label>
        <br />
        <div>
          <input
            checked={true}
            name="storage"
            onChange={[Function]}
            required={true}
            type="radio"
            value={5}
          />
          <span>
            5
             GB
          </span>
          <br />
        </div>
        <div>
          <input
            checked={false}
            name="storage"
            onChange={[Function]}
            required={true}
            type="radio"
            value={10}
          />
          <span>
            10
             GB
          </span>
          <br />
        </div>
        <div>
          <input
            checked={false}
            name="storage"
            onChange={[Function]}
            required={true}
            type="radio"
            value={50}
          />
          <span>
            50
             GB
          </span>
          <br />
        </div>
      </div>
      <div
        className="SubscriptionFormGroup"
      >
        <label
          className="SubscriptionFormGroup__label"
          htmlFor="upfrontPayment"
        >
          Upfront payment:
        </label>
        <input
          checked={true}
          name="upfrontPayment"
          onChange={[Function]}
          required={true}
          type="radio"
          value="No"
        />
         
        No
        <input
          checked={false}
          name="upfrontPayment"
          onChange={[Function]}
          required={true}
          type="radio"
          value="Yes"
        />
         
        Yes
      </div>
    </form>
  </div>
  <div
    className="AppButtons"
  >
    <div
      className="AppButtonsNext"
      onClick={[Function]}
    >
      next
    </div>
  </div>
</div>
`;
